// Jest Snapshot v1, https://goo.gl/fbAQLP

exports[`renders cards successfully 1`] = `ShallowWrapper {}`;
