// Jest Snapshot v1, https://goo.gl/fbAQLP

exports[`successfully renders Header 1`] = `ShallowWrapper {}`;
